Drill report for AudioCase_6_measurement_adc.kicad_pcb
Created on 2026-07-31T14:22:47

Copper Layer Stackup:
    =============================================================
    L1 :  F.Cu                      front
    L2 :  B.Cu                      back


Drill file 'AudioCase_6_measurement_adc.drl' contains
    plated through holes:
    =============================================================
    T1  0.300mm  0.0118"  (110 holes))
    T2  0.800mm  0.0315"  (58 holes))
    T3  0.900mm  0.0354"  (3 holes))
    T4  1.000mm  0.0394"  (83 holes))
    T5  1.200mm  0.0472"  (6 holes))
    T6  1.300mm  0.0512"  (7 holes))

    Total plated holes count 267


Not plated through holes are merged with plated holes
    unplated through holes:
    =============================================================
    T7  3.200mm  0.1260"  (10 holes))

    Total unplated holes count 10
